I'm sorry, but errors were detected in your script. Please correct the
errors listed below, and try again.


File "game/script.rpy", line 95: expected menuitem
    $ current_node = 5
    ^

Ren'Py Version: Ren'Py 8.2.1.24030407
Mon Jun 17 21:14:35 2024
